// Jest Snapshot v1, https://goo.gl/fbAQLP

exports[`GameView.tsx renders correctly 1`] = `
<div>
  <div
    class="css-7vcppj"
  >
    <div
      class="css-f1bf40"
    />
    <div
      class="css-cjmacl"
    >
      <div
        class="css-ofaokk"
      >
        <button
          class="css-1s7qnvw"
        >
          Google
        </button>
      </div>
      <div
        class="css-r4meof"
      >
        <button
          class="css-1s7qnvw"
        >
          Google
        </button>
      </div>
      <div
        class="css-ofaokk"
      >
        <button
          class="css-1s7qnvw"
        >
          Google
        </button>
      </div>
      <div
        class="css-r4meof"
      >
        <button
          class="css-1s7qnvw"
        >
          Google
        </button>
      </div>
      <div
        class="css-ofaokk"
      >
        <button
          class="css-1s7qnvw"
        >
          Google
        </button>
      </div>
      <div
        class="css-r4meof"
      >
        <button
          class="css-1s7qnvw"
        >
          Google
        </button>
      </div>
      <div
        class="css-ofaokk"
      >
        <button
          class="css-1s7qnvw"
        >
          Google
        </button>
      </div>
      <div
        class="css-r4meof"
      >
        <button
          class="css-1s7qnvw"
        >
          Google
        </button>
      </div>
      <div
        class="css-ofaokk"
      >
        <button
          class="css-1s7qnvw"
        >
          Google
        </button>
      </div>
      <div
        class="css-r4meof"
      >
        <button
          class="css-1s7qnvw"
        >
          Google
        </button>
      </div>
      <div
        class="css-ofaokk"
      >
        <button
          class="css-1s7qnvw"
        >
          Google
        </button>
      </div>
      <div
        class="css-r4meof"
      >
        <button
          class="css-1s7qnvw"
        >
          Google
        </button>
      </div>
      <div
        class="css-ofaokk"
      >
        <button
          class="css-1s7qnvw"
        >
          Google
        </button>
      </div>
      <div
        class="css-r4meof"
      >
        <button
          class="css-1s7qnvw"
        >
          Google
        </button>
      </div>
      <div
        class="css-ofaokk"
      >
        <button
          class="css-1s7qnvw"
        >
          Google
        </button>
      </div>
      <div
        class="css-r4meof"
      >
        <button
          class="css-1s7qnvw"
        >
          Google
        </button>
      </div>
      <div
        class="css-ofaokk"
      >
        <button
          class="css-1s7qnvw"
        >
          Google
        </button>
      </div>
      <div
        class="css-r4meof"
      >
        <button
          class="css-1s7qnvw"
        >
          Google
        </button>
      </div>
    </div>
  </div>
</div>
`;
