// Jest Snapshot v1, https://goo.gl/fbAQLP

exports[`GameView.tsx renders correctly 1`] = `
<div>
  <div
    class="css-7vcppj"
  >
    <div
      class="css-1jenwj8"
    >
      <h1
        class="css-g7rarf"
      >
        Counter-Strike: Global Offensive
      </h1>
    </div>
    <div
      class="css-1xeghz2"
    />
    <div
      class="css-cjmacl"
    >
      <div
        class="css-64ei3j"
      >
        <button
          class="css-ezlaf4"
        >
          Wiki
        </button>
      </div>
      <div
        class="css-8fh6p6"
      >
        <button
          class="css-ezlaf4"
        >
          CS:GO Stash
        </button>
      </div>
      <div
        class="css-64ei3j"
      >
        <button
          class="css-ezlaf4"
        >
          Steam Guide SprayPatterns
        </button>
      </div>
      <div
        class="css-8fh6p6"
      >
        <button
          class="css-ezlaf4"
        >
          Steam Market
        </button>
      </div>
    </div>
  </div>
</div>
`;
