// Jest Snapshot v1, https://goo.gl/fbAQLP

exports[`LinkCollectionComponent.tsx renders correctly 1`] = `
<div>
  <div
    class="css-7p5upc"
  >
    <div
      class="css-cfdpzz"
    >
      <i
        class="material-icons css-hxc41y"
      >
        remove_circle
      </i>
      <button
        class="css-hz4xjw"
      >
        link1
      </button>
    </div>
    <div
      class="css-cfdpzz"
    >
      <i
        class="material-icons css-hxc41y"
      >
        remove_circle
      </i>
      <button
        class="css-1o03l35"
      >
        link2
      </button>
    </div>
  </div>
</div>
`;
