// Jest Snapshot v1, https://goo.gl/fbAQLP

exports[`LinkCollectionComponent.tsx renders correctly 1`] = `
<div>
  <div
    class="css-7p5upc"
  >
    <button
      class="css-4qsgvb"
    >
      link1
    </button>
    <button
      class="css-arr1oq"
    >
      link2
    </button>
  </div>
</div>
`;
