// Jest Snapshot v1, https://goo.gl/fbAQLP

exports[`LinkCollectionComponent.tsx renders correctly 1`] = `
<div>
  <div
    class="css-ubcm2u"
  >
    <div
      class="css-cfdpzz"
    >
      <i
        class="material-icons css-dyscyh"
      >
        remove_circle
      </i>
      <button
        class="css-uxkr57"
      >
        link1
      </button>
    </div>
    <div
      class="css-cfdpzz"
    >
      <i
        class="material-icons css-dyscyh"
      >
        remove_circle
      </i>
      <button
        class="css-1tzo580"
      >
        link2
      </button>
    </div>
  </div>
</div>
`;
