// Jest Snapshot v1, https://goo.gl/fbAQLP

exports[`SettingsView.tsx renders correctly 1`] = `
<div>
  <div
    class="css-j99gk8"
    data-testid="page-title"
  >
    <h1
      class="css-p1pfmz"
    >
      Settings
    </h1>
  </div>
  <div
    class="css-olgc7d"
  >
    <div
      class="css-1iagirt"
    />
    <div
      class="css-4ng0sz"
    >
      <div
        class="css-jt7ygj"
      >
        <h1
          class="css-1sx427h"
        >
          Reset keybinds to default
        </h1>
        <button
          class="css-34a7o7"
        >
          RESET KEYBINDS
        </button>
      </div>
      <div
        class="css-jt7ygj"
      >
        <h1
          class="css-1sx427h"
        >
          Reset your games to when first opened
        </h1>
        <button
          class="css-34a7o7"
        >
          RESET GAMES
        </button>
      </div>
    </div>
  </div>
</div>
`;
