// Jest Snapshot v1, https://goo.gl/fbAQLP

exports[`EditGameView.tsx renders correctly 1`] = `
<div>
  <div
    class="css-vnxadl"
    data-testid="page-title"
  >
    <h1
      class="css-g7rarf"
    >
      Edit game
    </h1>
  </div>
  <div
    class="css-o6jotw"
  >
    <form>
      <h1
        class="css-1vjmso2"
      >
        Game Information
      </h1>
      <section
        class="css-6a1pbd"
      >
        <label
          class="css-13m3dri"
          for="title"
        >
          Title*
        </label>
        <input
          class="css-1o0il4p"
          id="title"
          name="title"
          type="text"
          value="testTitle"
        />
        <label
          class="css-13m3dri"
          for="abbr"
        >
          Abbreviation
        </label>
        <input
          class="css-1o0il4p"
          id="abbr"
          name="abbreviation"
          type="text"
          value="testAbbr"
        />
        <label
          class="css-13m3dri"
        >
          Game files (*.exe, *.app)
        </label>
        <input
          class="css-1o0il4p"
          name="fileNames"
          type="text"
          value="test.exe"
        />
      </section>
      <h1
        class="css-1vjmso2"
      >
        Image Settings
      </h1>
      <section
        class="css-6a1pbd"
      >
        <label
          class="css-13m3dri"
        >
          Image*
        </label>
        <input
          class="css-1o0il4p"
          type="file"
        />
        <label
          class="css-13m3dri"
        >
          X-axis
        </label>
        <input
          class="css-jq1eod"
          max="100"
          min="0"
          name="xAxis"
          type="range"
          value="0"
        />
        <label
          class="css-13m3dri"
        >
          Y-axis
        </label>
        <input
          class="css-jq1eod"
          max="100"
          min="0"
          name="yAxis"
          type="range"
          value="0"
        />
      </section>
      <div
        class="css-468wco"
      >
        <button
          class="css-34a7o7"
        >
          Delete
          <i
            class="material-icons"
          >
            delete
          </i>
        </button>
        <button
          class="css-1ctwf7v"
          data-testid="submit-form"
          type="submit"
        >
          Save
          <i
            class="material-icons"
          >
            save
          </i>
        </button>
      </div>
    </form>
    <div
      class="css-npfm1w"
      x="0"
      y="0"
    />
  </div>
</div>
`;
