// Jest Snapshot v1, https://goo.gl/fbAQLP

exports[`LinkComponent.tsx renders as expected 1`] = `
<div>
  <div
    class="css-cfdpzz"
  >
    <i
      class="material-icons css-hxc41y"
    >
      remove_circle
    </i>
    <button
      class="css-1bcnrgi"
    >
      test
    </button>
  </div>
</div>
`;
