// Jest Snapshot v1, https://goo.gl/fbAQLP

exports[`ModalComponent.tsx renders correctly 1`] = `
<div>
  <div
    class="css-1vwsn15"
  >
    <h1
      class="css-gie5fi"
    >
      Test
    </h1>
    <i
      class="material-icons css-52vivv-ModalComponent"
      data-testid="close-modal"
    >
      close
    </i>
    <div
      class="css-8ezbff"
    >
      text
    </div>
    <div
      class="css-3to2p8"
    >
      <button
        class="css-1kyceuw"
        data-testid="cancel-modal"
      >
        Cancel
      </button>
      <button
        class="css-1w5u29q"
        data-testid="continue-modal"
      >
        Continue
      </button>
    </div>
  </div>
</div>
`;
