// Jest Snapshot v1, https://goo.gl/fbAQLP

exports[`ModalComponent.tsx renders correctly 1`] = `
<div>
  <div
    class="css-18x2p1p"
  >
    <h1
      class="css-gie5fi"
    >
      Test
    </h1>
    <button
      class="css-hak93h"
    >
      <i
        class="material-icons"
        data-testid="close-modal"
      >
        close
      </i>
    </button>
    <div
      class="css-8ezbff"
    >
      text
    </div>
    <div
      class="css-3to2p8"
    >
      <button
        class="css-34a7o7"
        data-testid="cancel-modal"
      >
        Cancel
      </button>
      <button
        class="css-hi8zu7"
        data-testid="continue-modal"
      >
        Continue
      </button>
    </div>
  </div>
</div>
`;
