// Jest Snapshot v1, https://goo.gl/fbAQLP

exports[`GamesView.tsx renders correctly 1`] = `
<div>
  <button
    class="css-15orcq3"
    disabled=""
  >
    <i
      class="material-icons"
    >
      chevron_left
    </i>
  </button>
  <div
    class="css-1755h8c"
  >
    <div
      class="css-1vh095t"
    />
  </div>
  <button
    class="css-wg5tg3"
  >
    <i
      class="material-icons"
    >
      chevron_right
    </i>
  </button>
  <button
    class="css-1bs24ov"
    title="Add your own game"
  >
    <i
      class="material-icons"
    >
      add
    </i>
  </button>
</div>
`;
