// Jest Snapshot v1, https://goo.gl/fbAQLP

exports[`GamesView.tsx renders correctly 1`] = `
<div>
  <button
    class="css-h3yl58"
    disabled=""
  >
    <i
      class="material-icons"
    >
      chevron_left
    </i>
  </button>
  <div
    class="css-1odlc5a"
  >
    <div
      class="css-1vh095t"
    />
  </div>
  <button
    class="css-5lh5f2"
  >
    <i
      class="material-icons"
    >
      chevron_right
    </i>
  </button>
  <button
    class="css-43aran"
    title="Add your own game"
  >
    <i
      class="material-icons"
    >
      add
    </i>
  </button>
</div>
`;
